// Jest Snapshot v1, https://goo.gl/fbAQLP

exports[`ForecastSummaries renders correctly 1`] = `
<DocumentFragment>
  <div
    class="forecast-summaries frosted-glass"
  >
    <div
      class="forecast-summary"
      data-testid="forecast-summary"
    >
      <div
        class="forecast-summary__date"
      >
        Thursday
      </div>
      <div
        class="forecast-summary__icon"
        data-testid="forecast-icon"
      >
        <i
          class="wi wi-day-sunny"
          name="owm"
        />
      </div>
      <div
        class="forecast-summary__temperature"
      >
        22˚C
      </div>
      <div
        class="forecast-summary__description"
      >
        Stub description 1
      </div>
      <button
        class="button"
        type="button"
      >
        <a
          href="#jump-link"
        >
          More details...
        </a>
      </button>
    </div>
    <div
      class="forecast-summary"
      data-testid="forecast-summary"
    >
      <div
        class="forecast-summary__date"
      >
        Thursday
      </div>
      <div
        class="forecast-summary__icon"
        data-testid="forecast-icon"
      >
        <i
          class="wi wi-day-snow"
          name="owm"
        />
      </div>
      <div
        class="forecast-summary__temperature"
      >
        24˚C
      </div>
      <div
        class="forecast-summary__description"
      >
        Stub description 2
      </div>
      <button
        class="button"
        type="button"
      >
        <a
          href="#jump-link"
        >
          More details...
        </a>
      </button>
    </div>
  </div>
</DocumentFragment>
`;
